// Jest Snapshot v1, https://goo.gl/fbAQLP

exports[`Pruebas para el componente GifExpertApp Debe mostrar el componente correctamente 1`] = `
<Fragment>
  <h2>
    GifExpertApp
  </h2>
  <hr />
  <AddCategory
    setCategories={[Function]}
  />
  <ul />
</Fragment>
`;
